// Jest Snapshot v1, https://goo.gl/fbAQLP

exports[`Image.vue should match the snapshot 1`] = `<img src="/assets/image.jpg" class="img-fluid" alt="">`;
